// Jest Snapshot v1, https://goo.gl/fbAQLP

exports[`legacyConfig 1`] = `[]`;

exports[`legacyConfig 2`] = `[]`;

exports[`legacyConfig 3`] = `[]`;

exports[`legacyConfig 4`] = `[]`;

exports[`legacyConfig 5`] = `[]`;

exports[`legacyConfig 6`] = `[]`;

exports[`legacyConfig 7`] = `[]`;

exports[`legacyConfig 8`] = `[]`;

exports[`legacyConfig 9`] = `[]`;

exports[`legacyConfig 10`] = `[]`;

exports[`legacyConfig 11`] = `[]`;

exports[`newConfig 1`] = `[]`;

exports[`newConfig 2`] = `[]`;

exports[`newConfig 3`] = `[]`;

exports[`newConfig 4`] = `[]`;

exports[`newConfig 5`] = `[]`;

exports[`newConfig 6`] = `[]`;

exports[`newConfig 7`] = `[]`;

exports[`newConfig 8`] = `[]`;

exports[`newConfig 9`] = `[]`;

exports[`newConfig 10`] = `[]`;

exports[`newConfig 11`] = `[]`;

exports[`newConfigBasePath 1`] = `[]`;

exports[`newConfigBasePath 2`] = `[]`;

exports[`newConfigBasePath 3`] = `[]`;

exports[`newConfigBasePath 4`] = `[]`;

exports[`newConfigBasePath 5`] = `[]`;

exports[`newConfigBasePath 6`] = `[]`;

exports[`newConfigBasePath 7`] = `[]`;

exports[`newConfigBasePath 8`] = `[]`;

exports[`newConfigBasePath 9`] = `[]`;

exports[`newConfigBasePath 10`] = `[]`;

exports[`newConfigBasePath 11`] = `[]`;

exports[`newConfigExportFolderName 1`] = `[]`;

exports[`newConfigExportFolderName 2`] = `[]`;

exports[`newConfigExportFolderName 3`] = `[]`;

exports[`newConfigExportFolderName 4`] = `[]`;

exports[`newConfigExportFolderName 5`] = `[]`;

exports[`newConfigExportFolderName 6`] = `[]`;

exports[`newConfigExportFolderName 7`] = `[]`;

exports[`newConfigJpeg 1`] = `[]`;

exports[`newConfigJpeg 2`] = `[]`;

exports[`newConfigJpeg 3`] = `[]`;

exports[`newConfigJpeg 4`] = `[]`;

exports[`newConfigJpeg 5`] = `[]`;

exports[`newConfigJpeg 6`] = `[]`;

exports[`newConfigJpeg 7`] = `[]`;

exports[`newConfigJpeg 8`] = `[]`;

exports[`newConfigJpeg 9`] = `[]`;

exports[`newConfigJpeg 10`] = `[]`;

exports[`newConfigJpeg 11`] = `[]`;
